// Jest Snapshot v1, https://goo.gl/fbAQLP

exports[`should have SÃ£oPaulo in redirect 1`] = `
<div>
  <Header />
  <section
    className="search-result-main"
  >
    <ResultCard
      id="5fa0b349b20d4824443f6f2e"
    />
  </section>
</div>
`;

exports[`should have nothing in redirect 1`] = `
<div>
  <Header />
  <section
    className="search-result-main"
  >
    <ResultCard
      id=""
    />
  </section>
</div>
`;
